Hello 123 javascript!
Hello 123 java!
Hello 123 node!
